com\wakfocus\services\WAVPlayer.class
com\wakfocus\services\ConfigManager.class
com\wakfocus\UI\ThemeDropdown.class
com\wakfocus\UI\CustomButton.class
com\wakfocus\UI\MainView.class
com\wakfocus\services\FocusService.class
com\wakfocus\utils\FocusColorUtils.class
com\wakfocus\UI\SoundChooser.class
com\wakfocus\utils\RuleSets.class
com\wakfocus\models\ThemeComboBox.class
com\wakfocus\models\ZoneDefinition.class
com\wakfocus\UI\BackgroundView.class
com\wakfocus\WakFocus.class
com\wakfocus\services\DebugPreviewService.class
com\wakfocus\UI\MinimizeCloseButtons.class
com\wakfocus\UI\WakFocusUI.class
com\wakfocus\models\TurnDescriptions.class
com\wakfocus\UI\ContentView.class
com\wakfocus\services\ScreenCaptureService.class
com\wakfocus\models\ThemeEnum.class
com\wakfocus\UI\NotificationPositionDropdown$1.class
com\wakfocus\services\DebugPreviewService$DebugZone.class
com\wakfocus\utils\ColorRule.class
com\wakfocus\UI\HeaderView.class
com\wakfocus\UI\ThemeDropdown$1.class
com\wakfocus\services\NotificationService.class
com\wakfocus\UI\CustomCheckbox.class
com\wakfocus\UI\NotificationPositionDropdown.class
com\wakfocus\UI\ThemeDropdown$2.class
com\wakfocus\utils\WindowUtils.class
com\wakfocus\UI\NotificationPositionDropdown$2.class
com\wakfocus\models\PositionComboBox.class
