C:\Users\maxer\IdeaProjects\WakFocus\wakfocus\src\main\java\com\wakfocus\models\TurnDescriptions.java
C:\Users\maxer\IdeaProjects\WakFocus\wakfocus\src\main\java\com\wakfocus\services\ConfigManager.java
C:\Users\maxer\IdeaProjects\WakFocus\wakfocus\src\main\java\com\wakfocus\services\FocusService.java
C:\Users\maxer\IdeaProjects\WakFocus\wakfocus\src\main\java\com\wakfocus\services\NotificationService.java
C:\Users\maxer\IdeaProjects\WakFocus\wakfocus\src\main\java\com\wakfocus\services\ScreenCaptureService.java
C:\Users\maxer\IdeaProjects\WakFocus\wakfocus\src\main\java\com\wakfocus\UI\WakFocusUI.java
C:\Users\maxer\IdeaProjects\WakFocus\wakfocus\src\main\java\com\wakfocus\utils\ColorRule.java
C:\Users\maxer\IdeaProjects\WakFocus\wakfocus\src\main\java\com\wakfocus\utils\FocusColorUtils.java
C:\Users\maxer\IdeaProjects\WakFocus\wakfocus\src\main\java\com\wakfocus\utils\RuleSets.java
C:\Users\maxer\IdeaProjects\WakFocus\wakfocus\src\main\java\com\wakfocus\utils\WindowUtils.java
C:\Users\maxer\IdeaProjects\WakFocus\wakfocus\src\main\java\com\wakfocus\WakFocus.java
