C:\Users\maxer\IdeaProjects\WakFocus\wakfocus\src\main\java\com\wakfocus\models\PositionComboBox.java
C:\Users\maxer\IdeaProjects\WakFocus\wakfocus\src\main\java\com\wakfocus\models\ThemeComboBox.java
C:\Users\maxer\IdeaProjects\WakFocus\wakfocus\src\main\java\com\wakfocus\models\ThemeEnum.java
C:\Users\maxer\IdeaProjects\WakFocus\wakfocus\src\main\java\com\wakfocus\models\TurnDescriptions.java
C:\Users\maxer\IdeaProjects\WakFocus\wakfocus\src\main\java\com\wakfocus\models\ZoneDefinition.java
C:\Users\maxer\IdeaProjects\WakFocus\wakfocus\src\main\java\com\wakfocus\services\ConfigManager.java
C:\Users\maxer\IdeaProjects\WakFocus\wakfocus\src\main\java\com\wakfocus\services\DebugPreviewService.java
C:\Users\maxer\IdeaProjects\WakFocus\wakfocus\src\main\java\com\wakfocus\services\FocusService.java
C:\Users\maxer\IdeaProjects\WakFocus\wakfocus\src\main\java\com\wakfocus\services\NotificationService.java
C:\Users\maxer\IdeaProjects\WakFocus\wakfocus\src\main\java\com\wakfocus\services\ScreenCaptureService.java
C:\Users\maxer\IdeaProjects\WakFocus\wakfocus\src\main\java\com\wakfocus\services\WAVPlayer.java
C:\Users\maxer\IdeaProjects\WakFocus\wakfocus\src\main\java\com\wakfocus\UI\BackgroundView.java
C:\Users\maxer\IdeaProjects\WakFocus\wakfocus\src\main\java\com\wakfocus\UI\ContentView.java
C:\Users\maxer\IdeaProjects\WakFocus\wakfocus\src\main\java\com\wakfocus\UI\CustomButton.java
C:\Users\maxer\IdeaProjects\WakFocus\wakfocus\src\main\java\com\wakfocus\UI\CustomCheckbox.java
C:\Users\maxer\IdeaProjects\WakFocus\wakfocus\src\main\java\com\wakfocus\UI\HeaderView.java
C:\Users\maxer\IdeaProjects\WakFocus\wakfocus\src\main\java\com\wakfocus\UI\MainView.java
C:\Users\maxer\IdeaProjects\WakFocus\wakfocus\src\main\java\com\wakfocus\UI\MinimizeCloseButtons.java
C:\Users\maxer\IdeaProjects\WakFocus\wakfocus\src\main\java\com\wakfocus\UI\NotificationPositionDropdown.java
C:\Users\maxer\IdeaProjects\WakFocus\wakfocus\src\main\java\com\wakfocus\UI\SoundChooser.java
C:\Users\maxer\IdeaProjects\WakFocus\wakfocus\src\main\java\com\wakfocus\UI\ThemeDropdown.java
C:\Users\maxer\IdeaProjects\WakFocus\wakfocus\src\main\java\com\wakfocus\UI\WakFocusUI.java
C:\Users\maxer\IdeaProjects\WakFocus\wakfocus\src\main\java\com\wakfocus\utils\ColorRule.java
C:\Users\maxer\IdeaProjects\WakFocus\wakfocus\src\main\java\com\wakfocus\utils\FocusColorUtils.java
C:\Users\maxer\IdeaProjects\WakFocus\wakfocus\src\main\java\com\wakfocus\utils\RuleSets.java
C:\Users\maxer\IdeaProjects\WakFocus\wakfocus\src\main\java\com\wakfocus\utils\WindowUtils.java
C:\Users\maxer\IdeaProjects\WakFocus\wakfocus\src\main\java\com\wakfocus\WakFocus.java
